[pilot-patch] dropped absent features: ['pyrogallol']
  O_demethylation          n= 470  F1=0.671  PR-AUC=0.680
  aldehyde_oxidation       n= 278  F1=0.681  PR-AUC=0.683
  aromatic_hydroxylation   n=1369  F1=0.556  PR-AUC=0.414
  decarboxylation          n=  85  F1=0.268  PR-AUC=0.282
  deglycosylation          n=  94  F1=0.441  PR-AUC=0.449
  desulfation              n= 114  F1=0.494  PR-AUC=0.388
  ester_hydrolysis         n= 280  F1=0.749  PR-AUC=0.659
  methylation              n=  72  F1=0.169  PR-AUC=0.094
  reduction                n=  38  F1=0.089  PR-AUC=0.053
  ring_cleavage            n= 387  F1=0.425  PR-AUC=0.423
  side_chain_cleavage      n= 445  F1=0.502  PR-AUC=0.329
                 label  support  n_compounds  f1_group  pr_auc_group  roc_auc_group  precision_group  recall_group
       O_demethylation      470           10     0.671         0.680          0.959            0.505         1.000
    aldehyde_oxidation      278            4     0.681         0.683          0.984            0.633         0.737
aromatic_hydroxylation     1369           33     0.556         0.414          0.689            0.397         0.925
       decarboxylation       85            5     0.268         0.282          0.950            0.157         0.906
       deglycosylation       94            3     0.441         0.449          0.982            0.328         0.670
           desulfation      114            4     0.494         0.388          0.979            0.368         0.754
      ester_hydrolysis      280            4     0.749         0.659          0.981            0.598         1.000
           methylation       72           13     0.169         0.094          0.923            0.092         1.000
             reduction       38           12     0.089         0.053          0.828            0.049         0.447
         ring_cleavage      387           17     0.425         0.423          0.913            0.274         0.943
   side_chain_cleavage      445           12     0.502         0.329          0.899            0.364         0.809

MACRO: {'macro_f1_group': np.float64(0.459), 'macro_pr_auc_group': np.float64(0.405), 'macro_roc_auc_group': np.float64(0.917), 'n_labels_evaluated': 11}
Outputs -> /root/osf/run_C/scripts/visualizations/model_v3
